// Vitest Snapshot v1

exports[`search > should work 1`] = `{}`;
